---
source: tests/raw.rs
expression: "<reference_impl::Lexer>::lex_all(\"priv\")"
---
Ok(
    [
        Token {
            class: identifier,
            length: 4,
        },
    ],
)
