---
source: tests/raw.rs
expression: "<reference_impl::Lexer>::lex_all(\"union\")"
---
Ok(
    [
        Token {
            class: identifier,
            length: 5,
        },
    ],
)
