---
source: tests/raw.rs
expression: "<reference_impl::Lexer>::lex_all(\"continue\")"
---
Ok(
    [
        Token {
            class: identifier,
            length: 8,
        },
    ],
)
