---
source: tests/raw.rs
expression: "<reference_impl::Lexer>::lex_all(\"\\u{2028}\")"
---
Ok(
    [
        Token {
            class: whitespace,
            length: 3,
        },
    ],
)
