---
source: tests/raw.rs
expression: "<reference_impl::Lexer>::lex_all(\"fn\")"
---
Ok(
    [
        Token {
            class: identifier,
            length: 2,
        },
    ],
)
