---
source: tests/raw.rs
expression: "<reference_impl::Lexer>::lex_all(\"0b____\")"
---
Ok(
    [
        Token {
            class: binary_integer,
            length: 6,
        },
    ],
)
