---
source: tests/raw.rs
expression: "<reference_impl::Lexer>::lex_all(\"mut\")"
---
Ok(
    [
        Token {
            class: identifier,
            length: 3,
        },
    ],
)
