---
source: tests/raw.rs
expression: "<reference_impl::Lexer>::lex_all(\"\\u{0085}\")"
---
Ok(
    [
        Token {
            class: whitespace,
            length: 2,
        },
    ],
)
