---
source: tests/raw.rs
expression: "<reference_impl::Lexer>::lex_all(\"unsized\")"
---
Ok(
    [
        Token {
            class: identifier,
            length: 7,
        },
    ],
)
