---
source: tests/raw.rs
expression: "<reference_impl::Lexer>::lex_all(r###\"br#\"\"foo\"\"#\"###)"
---
Ok(
    [
        Token {
            class: raw_byte_string,
            length: 11,
        },
    ],
)
