---
source: tests/raw.rs
expression: "<reference_impl::Lexer>::lex_all(r###\"b\"foo\"\"###)"
---
Ok(
    [
        Token {
            class: byte_string,
            length: 6,
        },
    ],
)
