---
source: tests/raw.rs
expression: "<reference_impl::Lexer>::lex_all(\"123.0f64\")"
---
Ok(
    [
        Token {
            class: decimal_integer,
            length: 3,
        },
        Token {
            class: dot,
            length: 1,
        },
        Token {
            class: decimal_integer,
            length: 1,
        },
        Token {
            class: identifier,
            length: 3,
        },
    ],
)
