---
source: tests/raw.rs
expression: "<reference_impl::Lexer>::lex_all(r###\"r##\"foo #\"# bar\"##\"###)"
---
Ok(
    [
        Token {
            class: raw_string,
            length: 18,
        },
    ],
)
