---
source: tests/raw.rs
expression: "<reference_impl::Lexer>::lex_all(r###\"\"foo #\\\"# bar\"\"###)"
---
Ok(
    [
        Token {
            class: string,
            length: 14,
        },
    ],
)
