---
source: tests/raw.rs
expression: "<reference_impl::Lexer>::lex_all(r###\"\"\\x52\"\"###)"
---
Ok(
    [
        Token {
            class: string,
            length: 6,
        },
    ],
)
